// Jest Snapshot v1, https://goo.gl/fbAQLP

exports[`Component [CommentDetail] testing:  It should match snapshot 1`] = `
<div>
  <div
    class="css-83h7q"
  >
    <div
      class="css-6cjdd4"
    >
      <img
        alt="This is member Image"
        class="chakra-image css-yx3l24"
        src="https://genk.mediacdn.vn/2018/6/28/photo-5-1530178537559354148061.jpg"
      />
    </div>
    <div
      class="css-10kixt"
    >
      <div
        class="css-18v2s5y"
      >
        <p
          class="chakra-text css-19p1o8q"
        >
          <b
            class="chakra-text css-0"
          >
            Bao Thai
          </b>
          <p
            class="chakra-text css-urj2p9"
          >
            Â  commented 
            15 minutes
             ago
          </p>
        </p>
      </div>
      <div
        class="css-kpq7im"
      >
        This is comment sample for storybook!!!!!!!!!!
      </div>
    </div>
  </div>
</div>
`;
