// Jest Snapshot v1, https://goo.gl/fbAQLP

exports[`Button component Component [Button] should match snapshot 1`] = `
<div>
  <button
    class="chakra-button css-jcr1fc"
    type="button"
  />
</div>
`;
