// Jest Snapshot v1, https://goo.gl/fbAQLP

exports[`Component [Table Row] testing:  It should match snapshot  1`] = `<div />`;
